k:\cslt-carogame\democodecslt\democodecslt\x64\debug\vc143.pdb
k:\cslt-carogame\democodecslt\democodecslt\x64\debug\vc143.idb
k:\cslt-carogame\democodecslt\democodecslt\x64\debug\twoplayerstate.obj
k:\cslt-carogame\democodecslt\democodecslt\x64\debug\threeplayerstate.obj
k:\cslt-carogame\democodecslt\democodecslt\x64\debug\threeplayerinput.obj
k:\cslt-carogame\democodecslt\democodecslt\x64\debug\playernameinput.obj
k:\cslt-carogame\democodecslt\democodecslt\x64\debug\newgamestate.obj
k:\cslt-carogame\democodecslt\democodecslt\x64\debug\mainmenustate.obj
k:\cslt-carogame\democodecslt\democodecslt\x64\debug\main.obj
k:\cslt-carogame\democodecslt\democodecslt\x64\debug\gameplaythreeplayer.obj
k:\cslt-carogame\democodecslt\democodecslt\x64\debug\gameplay.obj
k:\cslt-carogame\democodecslt\democodecslt\x64\debug\game.obj
k:\cslt-carogame\democodecslt\democodecslt\x64\debug\button.obj
k:\cslt-carogame\democodecslt\democodecslt\x64\debug\aboutstate.obj
k:\cslt-carogame\democodecslt\democodecslt\x64\debug\tutorialstate.obj
k:\cslt-carogame\democodecslt\x64\debug\democodecslt.exe
k:\cslt-carogame\democodecslt\x64\debug\democodecslt.pdb
k:\cslt-carogame\democodecslt\democodecslt\x64\debug\democodecslt.ilk
k:\cslt-carogame\democodecslt\democodecslt\x64\debug\democodecslt.tlog\cl.command.1.tlog
k:\cslt-carogame\democodecslt\democodecslt\x64\debug\democodecslt.tlog\cl.items.tlog
k:\cslt-carogame\democodecslt\democodecslt\x64\debug\democodecslt.tlog\cl.read.1.tlog
k:\cslt-carogame\democodecslt\democodecslt\x64\debug\democodecslt.tlog\cl.write.1.tlog
k:\cslt-carogame\democodecslt\democodecslt\x64\debug\democodecslt.tlog\link.10988-cvtres.read.1.tlog
k:\cslt-carogame\democodecslt\democodecslt\x64\debug\democodecslt.tlog\link.10988-cvtres.write.1.tlog
k:\cslt-carogame\democodecslt\democodecslt\x64\debug\democodecslt.tlog\link.10988-rc.read.1.tlog
k:\cslt-carogame\democodecslt\democodecslt\x64\debug\democodecslt.tlog\link.10988-rc.write.1.tlog
k:\cslt-carogame\democodecslt\democodecslt\x64\debug\democodecslt.tlog\link.10988.read.1.tlog
k:\cslt-carogame\democodecslt\democodecslt\x64\debug\democodecslt.tlog\link.10988.read.2.tlog
k:\cslt-carogame\democodecslt\democodecslt\x64\debug\democodecslt.tlog\link.10988.write.1.tlog
k:\cslt-carogame\democodecslt\democodecslt\x64\debug\democodecslt.tlog\link.command.1.tlog
k:\cslt-carogame\democodecslt\democodecslt\x64\debug\democodecslt.tlog\link.read.1.tlog
k:\cslt-carogame\democodecslt\democodecslt\x64\debug\democodecslt.tlog\link.secondary.1.tlog
k:\cslt-carogame\democodecslt\democodecslt\x64\debug\democodecslt.tlog\link.write.1.tlog
